ADS8688.c:5:6:ADS8688_SPI_WB	24	static
ADS8688.c:24:9:ADS8688_SPI_RB	16	static
ADS8688.c:45:6:ADS8688_WriteCommandReg	16	static
ADS8688.c:53:6:ADS8688_Write_Program_Register	16	static
ADS8688.c:61:4:ADS8688_READ_Program_Register	24	static
ADS8688.c:72:6:Enter_RESET_MODE	8	static
ADS8688.c:76:6:AUTO_RST_Mode	8	static
ADS8688.c:80:6:MAN_Ch_n_Mode	16	static
ADS8688.c:84:6:Set_CH_Range_Select	16	static
ADS8688.c:88:6:Get_AUTO_RST_Mode_Data	24	static
ADS8688.c:105:10:Get_MAN_Ch_n_Mode_Data	16	static
ADS8688.c:116:6:ADS8688_GPIO_Init	32	static
ADS8688.c:138:6:ADS8688_Init_Single	8	static
ADS8688.c:155:5:get_ADS_ch1	8	static
ADS8688.c:160:6:ADS8688_Init_Mult	8	static
ADS8688.c:186:6:get_ADS_allch	16	static
